[dotenv@17.2.4] injecting env (14) from .env -- tip: ≡ƒæÑ sync secrets across teammates & machines: https://dotenvx.com/ops
≡ƒöä Starting Auto-Merge Verification...
Executing (9f076d70-eeb1-4386-9d51-cd259b38041e): START TRANSACTION;
Executing (9f076d70-eeb1-4386-9d51-cd259b38041e): INSERT INTO "users" ("id","username","password","role","name","isActive","createdAt","updatedAt") VALUES (DEFAULT,$1,$2,$3,$4,$5,$6,$7) RETURNING "id","username","password","role","name","email","isActive","createdAt","updatedAt";
Executing (9f076d70-eeb1-4386-9d51-cd259b38041e): ROLLBACK;
